// Jest Snapshot v1, https://goo.gl/fbAQLP

exports[`BreadCrumbs should render 3 items correctly 1`] = `
.c5 {
  display: -webkit-box;
  display: -webkit-flex;
  display: -ms-flexbox;
  display: flex;
  width: 14px;
  height: 14px;
  box-sizing: content-box;
  -webkit-transform: rotate(0deg);
  -ms-transform: rotate(0deg);
  transform: rotate(0deg);
}

.c5 > svg {
  width: 14px;
  height: 14px;
}

.c5 svg circle,
.c5 svg rect,
.c5 svg polygon,
.c5 svg path {
  fill: #767676;
}

.c1 {
  margin: 0;
  color: #000000;
  font-weight: inherit;
  font-size: 16px;
  -webkit-letter-spacing: inherit;
  -moz-letter-spacing: inherit;
  -ms-letter-spacing: inherit;
  letter-spacing: inherit;
  line-height: 22px;
  margin-bottom: 0;
  font-stretch: normal;
  -webkit-letter-spacing: normal;
  -moz-letter-spacing: normal;
  -ms-letter-spacing: normal;
  letter-spacing: normal;
}

.c2 {
  display: -webkit-inline-box;
  display: -webkit-inline-flex;
  display: -ms-inline-flexbox;
  display: inline-flex;
  -webkit-text-decoration: none;
  text-decoration: none;
  font-weight: 700;
  padding-right: 4px;
  color: #000000;
}

.c2:hover {
  -webkit-text-decoration: underline;
  text-decoration: underline;
  color: #ec0000;
}

.c2:hover svg circle,
.c2:hover svg rect,
.c2:hover svg polygon,
.c2:hover svg path {
  fill: #ec0000;
}

.c3 {
  -webkit-text-decoration: underline;
  text-decoration: underline;
}

.c4 a {
  color: #767676;
  -webkit-text-decoration-color: #767676;
  text-decoration-color: #767676;
}

.c4 a:hover {
  color: #ec0000;
  -webkit-text-decoration: underline;
  text-decoration: underline;
}

.c4 a *:focus {
  outline: auto;
  outline-color: #FEC813;
  outline-style: solid;
  outline-width: 2px;
  outline-offset: 4px;
}

.c0 {
  display: -webkit-box;
  display: -webkit-flex;
  display: -ms-flexbox;
  display: flex;
  -webkit-align-items: center;
  -webkit-box-align: center;
  -ms-flex-align: center;
  align-items: center;
  margin: 16px 0;
}

.c6 {
  margin: 0 4px;
}

@media screen and (min-width:1024px) {
  .c1 {
    font-size: 18px;
    line-height: 25px;
  }
}

@media (min-width:1200px) {
  .c0 {
    margin: 20px 0;
  }
}

<nav
  aria-label="Breadcrumbs"
  class="c0"
  data-testid="breadCrumbs"
>
  <a
    class="c1 c2 c3"
    to="/"
  >
    <span
      class="c4"
    >
      home
    </span>
  </a>
  <span
    class="c5 c6"
    color="#767676"
    size="14"
  >
    <svg
      focusable="false"
      viewBox="0 0 32 32"
    >
      <path
        d="M9.757 32l-2.9-2.91L19.937 16 6.857 2.91 9.757 0l16 16z"
        fill-rule="evenodd"
      />
    </svg>
  </span>
  <a
    class="c1 c2 c3"
    to="/innovatie"
  >
    <span
      class="c4"
    >
      Innovatie
    </span>
  </a>
  <span
    class="c5 c6"
    color="#767676"
    size="14"
  >
    <svg
      focusable="false"
      viewBox="0 0 32 32"
    >
      <path
        d="M9.757 32l-2.9-2.91L19.937 16 6.857 2.91 9.757 0l16 16z"
        fill-rule="evenodd"
      />
    </svg>
  </span>
  <a
    class="c1 c2 c3"
    to="/innovatie/demo"
  >
    <span
      class="c4"
    >
      Demo
    </span>
  </a>
</nav>
`;
